
> halleyx-workflow-frontend@1.0.0 build
> vite build

[36mvite v5.4.21 [32mbuilding for production...[36m[39m
transforming...
[32mΓ£ô[39m 3 modules transformed.
node.exe : 
[31mx[39m Build 
failed in 317ms
At line:1 char:1
+ & "C:\Program Files\
nodejs/node.exe" 
"C:\Program 
Files\nodejs/node_mo 
...
+ ~~~~~~~~~~~~~~~~~~~~
~~~~~~~~~~~~~~~~~~~~~~
~~~~~~~~~~~~~~~~~~~~~~
~~~~~
    + CategoryInfo    
          : NotSpeci  
  fied: ([31mx[39   
 m Build failed in    
 317ms:String) []    
, RemoteException
    + FullyQualifiedE 
   rrorId : NativeCo  
  mmandError
 
[31merror during 
build:
[31m[vite]: Rollup 
failed to resolve 
import "halleyx-ui-fra
mework/dist/cs/index.c
ss" from "C:/Users/L 
E N O V O/OneDrive/Des
ktop/halleyx-workflow-
backend/frontend/src/m
ain.js".
This is most likely 
unintended because it 
can break your 
application at 
runtime.
If you do want to 
externalize this 
module explicitly add 
it to
`build.rollupOptions.e
xternal`[31m
    at viteWarn (file:
///C:/Users/L%20E%20N%
20O%20V%20O/OneDrive/D
esktop/halleyx-workflo
w-backend/frontend/nod
e_modules/vite/dist/no
de/chunks/dep-BK3b2jBa
.js:65855:17)
    at 
onRollupWarning (file:
///C:/Users/L%20E%20N%
20O%20V%20O/OneDrive/D
esktop/halleyx-workflo
w-backend/frontend/nod
e_modules/vite/dist/no
de/chunks/dep-BK3b2jBa
.js:65887:5)
    at onwarn (file://
/C:/Users/L%20E%20N%20
O%20V%20O/OneDrive/Des
ktop/halleyx-workflow-
backend/frontend/node_
modules/vite/dist/node
/chunks/dep-BK3b2jBa.j
s:65550:7)
    at file:///C:/User
s/L%20E%20N%20O%20V%20
O/OneDrive/Desktop/hal
leyx-workflow-backend/
frontend/node_modules/
rollup/dist/es/shared/
node-entry.js:20995:13
    at Object.logger 
[as onLog] (file:///C:
/Users/L%20E%20N%20O%2
0V%20O/OneDrive/Deskto
p/halleyx-workflow-bac
kend/frontend/node_mod
ules/rollup/dist/es/sh
ared/node-entry.js:229
68:9)
    at ModuleLoader.ha
ndleInvalidResolvedId 
(file:///C:/Users/L%20
E%20N%20O%20V%20O/OneD
rive/Desktop/halleyx-w
orkflow-backend/fronte
nd/node_modules/rollup
/dist/es/shared/node-e
ntry.js:21712:26)
    at file:///C:/User
s/L%20E%20N%20O%20V%20
O/OneDrive/Desktop/hal
leyx-workflow-backend/
frontend/node_modules/
rollup/dist/es/shared/
node-entry.js:21670:26
[39m
